[app1.helwan.edu.eg/Education/TermAsrch.html]
[backblue.gif]
[fade.gif]
[index.html]
[app1.helwan.edu.eg/Education/HelNat.css]
[app1.helwan.edu.eg/Education/Logo.jpg]
[app1.helwan.edu.eg/Education/ewaddopt61.html]
[app1.helwan.edu.eg/Education/userfn61.js]
[app1.helwan.edu.eg/Education/ew61.js]
[app1.helwan.edu.eg/Education/Slider/Std.html]
[app1.helwan.edu.eg/Education/TermBsrch.html]
[app1.helwan.edu.eg/Education/TermCsrch.html]
[app1.helwan.edu.eg/Education/TermAsrch.html]
[app1.helwan.edu.eg/Education/HelNat.css]
[app1.helwan.edu.eg/Education/ewlookup61.html]
[app1.helwan.edu.eg/Education/ewaddopt61.html]
[app1.helwan.edu.eg/Education/Slider/sliderengine/amazingslider-1.css]
[app1.helwan.edu.eg/Education/Slider/SldImage/Start.jpg]
[app1.helwan.edu.eg/Education/Slider/sliderengine/initslider-1.js]
[app1.helwan.edu.eg/Education/Slider/SldImage/001.jpg]
[app1.helwan.edu.eg/Education/Slider/sliderengine/jquery.js]
[app1.helwan.edu.eg/Education/Slider/SldImage/002.jpg]
[app1.helwan.edu.eg/Education/Slider/sliderengine/amazingslider.js]
[app1.helwan.edu.eg/Education/Slider/SldImage/003.jpg]
[app1.helwan.edu.eg/Education/Slider/SldImage/004.jpg]
[app1.helwan.edu.eg/Education/Slider/SldImage/005.jpg]
[app1.helwan.edu.eg/Education/Slider/SldImage/006.jpg]
[app1.helwan.edu.eg/Education/Slider/SldImage/Start-tn.jpg]
[app1.helwan.edu.eg/Education/Slider/SldImage/001-tn.jpg]
[app1.helwan.edu.eg/Education/Slider/SldImage/002-tn.jpg]
[app1.helwan.edu.eg/Education/Slider/SldImage/003-tn.jpg]
[app1.helwan.edu.eg/Education/Slider/SldImage/004-tn.jpg]
[app1.helwan.edu.eg/Education/Slider/SldImage/005-tn.jpg]
[app1.helwan.edu.eg/Education/Slider/SldImage/006-tn.jpg]
[app1.helwan.edu.eg/Education/Slider/Std.html]
[app1.helwan.edu.eg/Education/TermBsrch.html]
[app1.helwan.edu.eg/Education/TermCsrch.html]
[app1.helwan.edu.eg/Education/ban.html]
[app1.helwan.edu.eg/Education/Slider/sliderengine/amazingslider-1.css]
